Failed password for root from 10.0.0.9
Failed password for root from 10.0.0.9
Failed password for root from 10.0.0.9
Failed password for root from 10.0.0.9
Failed password for root from 10.0.0.9
Failed password for root from 10.0.0.9
Failed password for root from 10.0.0.9
Failed password test


HELLO_FROM_ECHO
Failed password for root from 1.2.3.4
Failed password for root from 1.2.3.4
Failed password for root from 1.2.3.4
Failed password for root from 1.2.3.4
Failed password for root from 1.2.3.4
Failed password for root from 1.2.3.4
Failed password for root from 1.2.3.4
Failed password for root from 1.2.3.4
Failed password for root from 1.2.3.4
Failed password for root from 9.9.9.9
Failed password for root from 1.2.3.4
Failed password for root from 1.2.3.4
Failed password for root from 1.2.3.4
Failed password for root from 1.2.3.4
Failed password for root from 1.2.3.4
Failed password for root from 1.2.3.4
Failed password for root from 10.11.1.1
Failed password for root from 10.11.1.1
Failed password for root from 10.11.1.1
Failed password for root from 10.11.1.1
Failed password for root from 10.11.1.1
Failed password for root from 10.11.1.1
Failed password for root from 10.11.1.1
Failed password for root from 10.11.1.1
Failed password for root from 10.11.1.1
Failed password for root from 10.11.1.1
Failed password for root from 10.11.1.1
Failed password for root from 10.11.1.1
Failed password for root from 10.11.1.1
Failed password for root from 10.11.1.1
Failed password for root from 10.11.1.1
Port scan attempt from 10.11.1.1 on port 22
Port scan attempt from 10.11.1.1 on port 80
Port scan attempt from 10.11.1.1 on port 443
Port scan attempt from 10.11.1.1 on port 21
Port scan attempt from 10.11.1.1 on port 3306
Port scan attempt from 10.11.1.1 on port 22
Port scan attempt from 10.11.1.1 on port 80
Port scan attempt from 10.11.1.1 on port 443
Port scan attempt from 10.11.1.1 on port 21
Port scan attempt from 10.11.1.1 on port 3306
Port scan attempt from 10.11.1.1 on port 22
Port scan attempt from 10.11.1.1 on port 80
Port scan attempt from 10.11.1.1 on port 443
Port scan attempt from 10.11.1.1 on port 21
Port scan attempt from 10.11.1.1 on port 3306
Port scan attempt from 10.11.1.1 on port 22
Port scan attempt from 10.11.1.1 on port 80
Port scan attempt from 10.11.1.1 on port 443
Port scan attempt from 10.11.1.1 on port 21
Port scan attempt from 10.11.1.1 on port 3306
Port scan attempt from 10.11.1.1 on port 22
Port scan attempt from 10.11.1.1 on port 80
Port scan attempt from 10.11.1.1 on port 443
Port scan attempt from 10.11.1.1 on port 21
Port scan attempt from 10.11.1.1 on port 3306
Port scan attempt from 10.11.1.1 on port 22
Port scan attempt from 10.11.1.1 on port 80
Port scan attempt from 10.11.1.1 on port 443
Port scan attempt from 10.11.1.1 on port 21
Port scan attempt from 10.11.1.1 on port 3306
Port scan attempt from 10.11.1.1 on port 22
Port scan attempt from 10.11.1.1 on port 80
Port scan attempt from 10.11.1.1 on port 443
Port scan attempt from 10.11.1.1 on port 21
Port scan attempt from 10.11.1.1 on port 3306
Port scan attempt from 10.11.1.1 on port 22
Port scan attempt from 10.11.1.1 on port 80
Port scan attempt from 10.11.1.1 on port 443
Port scan attempt from 10.11.1.1 on port 21
Port scan attempt from 10.11.1.1 on port 3306
Login attempt: username='admin' OR 1=1 --
Login attempt: username='admin' OR 1=1 --
Login attempt: username='admin' OR 1=1 --
